// Jest Snapshot v1, https://goo.gl/fbAQLP

exports[`Card should should match its snapshot 1`] = `
ShallowWrapper {
  "length": 1,
  Symbol(enzyme.__root__): [Circular],
  Symbol(enzyme.__unrendered__): <Card
    card={
        Object {
            "data": Object {
              "200": 7.11,
              "2004": 0.007,
              "2005": 1.112,
            },
            "location": "Denver, Co",
          }
    }
/>,
  Symbol(enzyme.__renderer__): Object {
    "batchedUpdates": [Function],
    "getNode": [Function],
    "render": [Function],
    "simulateEvent": [Function],
    "unmount": [Function],
  },
  Symbol(enzyme.__node__): Object {
    "instance": null,
    "key": undefined,
    "nodeType": "host",
    "props": Object {
      "children": Array [
        <h5>
          Denver, Co
</h5>,
        <ul>
          <li>
                    <i
                              aria-hidden="true"
                              className="fa fa-check"
                    />
                    200
                     : 
                    <span
                              className=" blue"
                    >
                              7.11
                    </span>
          </li>
          <li>
                    <i
                              aria-hidden="true"
                              className=""
                    />
                    2004
                     : 
                    <span
                              className="red"
                    >
                              0.007
                    </span>
          </li>
          <li>
                    <i
                              aria-hidden="true"
                              className="fa fa-check"
                    />
                    2005
                     : 
                    <span
                              className=" blue"
                    >
                              1.112
                    </span>
          </li>
</ul>,
      ],
      "className": "data-card",
      "onClick": [Function],
    },
    "ref": null,
    "rendered": Array [
      Object {
        "instance": null,
        "key": undefined,
        "nodeType": "host",
        "props": Object {
          "children": "Denver, Co",
        },
        "ref": null,
        "rendered": "Denver, Co",
        "type": "h5",
      },
      Object {
        "instance": null,
        "key": undefined,
        "nodeType": "host",
        "props": Object {
          "children": Array [
            <li>
              <i
                            aria-hidden="true"
                            className="fa fa-check"
              />
              200
               : 
              <span
                            className=" blue"
              >
                            7.11
              </span>
</li>,
            <li>
              <i
                            aria-hidden="true"
                            className=""
              />
              2004
               : 
              <span
                            className="red"
              >
                            0.007
              </span>
</li>,
            <li>
              <i
                            aria-hidden="true"
                            className="fa fa-check"
              />
              2005
               : 
              <span
                            className=" blue"
              >
                            1.112
              </span>
</li>,
          ],
        },
        "ref": null,
        "rendered": Array [
          Object {
            "instance": null,
            "key": "200",
            "nodeType": "host",
            "props": Object {
              "children": Array [
                <i
                  aria-hidden="true"
                  className="fa fa-check"
/>,
                "200",
                " : ",
                <span
                  className=" blue"
>
                  7.11
</span>,
              ],
            },
            "ref": null,
            "rendered": Array [
              Object {
                "instance": null,
                "key": undefined,
                "nodeType": "host",
                "props": Object {
                  "aria-hidden": "true",
                  "className": "fa fa-check",
                },
                "ref": null,
                "rendered": null,
                "type": "i",
              },
              "200",
              " : ",
              Object {
                "instance": null,
                "key": undefined,
                "nodeType": "host",
                "props": Object {
                  "children": 7.11,
                  "className": " blue",
                },
                "ref": null,
                "rendered": 7.11,
                "type": "span",
              },
            ],
            "type": "li",
          },
          Object {
            "instance": null,
            "key": "2004",
            "nodeType": "host",
            "props": Object {
              "children": Array [
                <i
                  aria-hidden="true"
                  className=""
/>,
                "2004",
                " : ",
                <span
                  className="red"
>
                  0.007
</span>,
              ],
            },
            "ref": null,
            "rendered": Array [
              Object {
                "instance": null,
                "key": undefined,
                "nodeType": "host",
                "props": Object {
                  "aria-hidden": "true",
                  "className": "",
                },
                "ref": null,
                "rendered": null,
                "type": "i",
              },
              "2004",
              " : ",
              Object {
                "instance": null,
                "key": undefined,
                "nodeType": "host",
                "props": Object {
                  "children": 0.007,
                  "className": "red",
                },
                "ref": null,
                "rendered": 0.007,
                "type": "span",
              },
            ],
            "type": "li",
          },
          Object {
            "instance": null,
            "key": "2005",
            "nodeType": "host",
            "props": Object {
              "children": Array [
                <i
                  aria-hidden="true"
                  className="fa fa-check"
/>,
                "2005",
                " : ",
                <span
                  className=" blue"
>
                  1.112
</span>,
              ],
            },
            "ref": null,
            "rendered": Array [
              Object {
                "instance": null,
                "key": undefined,
                "nodeType": "host",
                "props": Object {
                  "aria-hidden": "true",
                  "className": "fa fa-check",
                },
                "ref": null,
                "rendered": null,
                "type": "i",
              },
              "2005",
              " : ",
              Object {
                "instance": null,
                "key": undefined,
                "nodeType": "host",
                "props": Object {
                  "children": 1.112,
                  "className": " blue",
                },
                "ref": null,
                "rendered": 1.112,
                "type": "span",
              },
            ],
            "type": "li",
          },
        ],
        "type": "ul",
      },
    ],
    "type": "article",
  },
  Symbol(enzyme.__nodes__): Array [
    Object {
      "instance": null,
      "key": undefined,
      "nodeType": "host",
      "props": Object {
        "children": Array [
          <h5>
            Denver, Co
</h5>,
          <ul>
            <li>
                        <i
                                    aria-hidden="true"
                                    className="fa fa-check"
                        />
                        200
                         : 
                        <span
                                    className=" blue"
                        >
                                    7.11
                        </span>
            </li>
            <li>
                        <i
                                    aria-hidden="true"
                                    className=""
                        />
                        2004
                         : 
                        <span
                                    className="red"
                        >
                                    0.007
                        </span>
            </li>
            <li>
                        <i
                                    aria-hidden="true"
                                    className="fa fa-check"
                        />
                        2005
                         : 
                        <span
                                    className=" blue"
                        >
                                    1.112
                        </span>
            </li>
</ul>,
        ],
        "className": "data-card",
        "onClick": [Function],
      },
      "ref": null,
      "rendered": Array [
        Object {
          "instance": null,
          "key": undefined,
          "nodeType": "host",
          "props": Object {
            "children": "Denver, Co",
          },
          "ref": null,
          "rendered": "Denver, Co",
          "type": "h5",
        },
        Object {
          "instance": null,
          "key": undefined,
          "nodeType": "host",
          "props": Object {
            "children": Array [
              <li>
                <i
                                aria-hidden="true"
                                className="fa fa-check"
                />
                200
                 : 
                <span
                                className=" blue"
                >
                                7.11
                </span>
</li>,
              <li>
                <i
                                aria-hidden="true"
                                className=""
                />
                2004
                 : 
                <span
                                className="red"
                >
                                0.007
                </span>
</li>,
              <li>
                <i
                                aria-hidden="true"
                                className="fa fa-check"
                />
                2005
                 : 
                <span
                                className=" blue"
                >
                                1.112
                </span>
</li>,
            ],
          },
          "ref": null,
          "rendered": Array [
            Object {
              "instance": null,
              "key": "200",
              "nodeType": "host",
              "props": Object {
                "children": Array [
                  <i
                    aria-hidden="true"
                    className="fa fa-check"
/>,
                  "200",
                  " : ",
                  <span
                    className=" blue"
>
                    7.11
</span>,
                ],
              },
              "ref": null,
              "rendered": Array [
                Object {
                  "instance": null,
                  "key": undefined,
                  "nodeType": "host",
                  "props": Object {
                    "aria-hidden": "true",
                    "className": "fa fa-check",
                  },
                  "ref": null,
                  "rendered": null,
                  "type": "i",
                },
                "200",
                " : ",
                Object {
                  "instance": null,
                  "key": undefined,
                  "nodeType": "host",
                  "props": Object {
                    "children": 7.11,
                    "className": " blue",
                  },
                  "ref": null,
                  "rendered": 7.11,
                  "type": "span",
                },
              ],
              "type": "li",
            },
            Object {
              "instance": null,
              "key": "2004",
              "nodeType": "host",
              "props": Object {
                "children": Array [
                  <i
                    aria-hidden="true"
                    className=""
/>,
                  "2004",
                  " : ",
                  <span
                    className="red"
>
                    0.007
</span>,
                ],
              },
              "ref": null,
              "rendered": Array [
                Object {
                  "instance": null,
                  "key": undefined,
                  "nodeType": "host",
                  "props": Object {
                    "aria-hidden": "true",
                    "className": "",
                  },
                  "ref": null,
                  "rendered": null,
                  "type": "i",
                },
                "2004",
                " : ",
                Object {
                  "instance": null,
                  "key": undefined,
                  "nodeType": "host",
                  "props": Object {
                    "children": 0.007,
                    "className": "red",
                  },
                  "ref": null,
                  "rendered": 0.007,
                  "type": "span",
                },
              ],
              "type": "li",
            },
            Object {
              "instance": null,
              "key": "2005",
              "nodeType": "host",
              "props": Object {
                "children": Array [
                  <i
                    aria-hidden="true"
                    className="fa fa-check"
/>,
                  "2005",
                  " : ",
                  <span
                    className=" blue"
>
                    1.112
</span>,
                ],
              },
              "ref": null,
              "rendered": Array [
                Object {
                  "instance": null,
                  "key": undefined,
                  "nodeType": "host",
                  "props": Object {
                    "aria-hidden": "true",
                    "className": "fa fa-check",
                  },
                  "ref": null,
                  "rendered": null,
                  "type": "i",
                },
                "2005",
                " : ",
                Object {
                  "instance": null,
                  "key": undefined,
                  "nodeType": "host",
                  "props": Object {
                    "children": 1.112,
                    "className": " blue",
                  },
                  "ref": null,
                  "rendered": 1.112,
                  "type": "span",
                },
              ],
              "type": "li",
            },
          ],
          "type": "ul",
        },
      ],
      "type": "article",
    },
  ],
  Symbol(enzyme.__options__): Object {
    "adapter": ReactSixteenAdapter {
      "options": Object {
        "enableComponentDidUpdateOnSetState": true,
      },
    },
  },
}
`;
